Archive member included to satisfy reference by file (symbol)

c:/devkitpro/devkitarm/bin/../lib/gcc/arm-none-eabi/9.1.0/../../../../arm-none-eabi/lib\libheart.a(interrupt.o)
                              main.o (hrt_InitIRQ)
c:/devkitpro/devkitarm/bin/../lib/gcc/arm-none-eabi/9.1.0/../../../../arm-none-eabi/lib\libheart.a(bios.o)
                              main.o (hrt_VblankIntrWait)
c:/devkitpro/devkitarm/bin/../lib/gcc/arm-none-eabi/9.1.0/../../../../arm-none-eabi/lib\libheart.a(text.o)
                              main.o (hrt_InitTextEngine)
c:/devkitpro/devkitarm/bin/../lib/gcc/arm-none-eabi/9.1.0/../../../../arm-none-eabi/lib\libheart.a(video.o)
                              main.o (hrt_DSPSetBGMode)
c:/devkitpro/devkitarm/bin/../lib/gcc/arm-none-eabi/9.1.0/../../../../arm-none-eabi/lib\libheart.a(font.o)
                              c:/devkitpro/devkitarm/bin/../lib/gcc/arm-none-eabi/9.1.0/../../../../arm-none-eabi/lib\libheart.a(text.o) (font_matrixBitmap)
c:/devkitpro/devkitarm/bin/../lib/gcc/arm-none-eabi/9.1.0/../../../../arm-none-eabi/lib\libheart.a(misc.o)
                              c:/devkitpro/devkitarm/bin/../lib/gcc/arm-none-eabi/9.1.0/../../../../arm-none-eabi/lib\libheart.a(video.o) (hrt_DMACopy)
c:/devkitpro/devkitarm/bin/../lib/gcc/arm-none-eabi/9.1.0/../../../../arm-none-eabi/lib\libheart.a(intdispatch.o)
                              c:/devkitpro/devkitarm/bin/../lib/gcc/arm-none-eabi/9.1.0/../../../../arm-none-eabi/lib\libheart.a(interrupt.o) (IntrMain)
c:/devkitpro/devkitarm/bin/../lib/gcc/arm-none-eabi/9.1.0/../../../../arm-none-eabi/lib\libheart.a(rtc.o)
                              c:/devkitpro/devkitarm/bin/../lib/gcc/arm-none-eabi/9.1.0/../../../../arm-none-eabi/lib\libheart.a(misc.o) (gettime)
c:/devkitpro/devkitarm/bin/../lib/gcc/arm-none-eabi/9.1.0/../../../../arm-none-eabi/lib/thumb\libc.a(lib_a-init.o)
                              c:/devkitpro/devkitarm/bin/../lib/gcc/arm-none-eabi/9.1.0/../../../../arm-none-eabi/lib/thumb/gba_crt0.o (__libc_init_array)
c:/devkitpro/devkitarm/bin/../lib/gcc/arm-none-eabi/9.1.0/../../../../arm-none-eabi/lib/thumb\libc.a(lib_a-strcpy.o)
                              c:/devkitpro/devkitarm/bin/../lib/gcc/arm-none-eabi/9.1.0/../../../../arm-none-eabi/lib\libheart.a(misc.o) (strcpy)
c:/devkitpro/devkitarm/bin/../lib/gcc/arm-none-eabi/9.1.0/../../../../arm-none-eabi/lib/thumb\libc.a(lib_a-vsprintf.o)
                              c:/devkitpro/devkitarm/bin/../lib/gcc/arm-none-eabi/9.1.0/../../../../arm-none-eabi/lib\libheart.a(text.o) (vsprintf)
c:/devkitpro/devkitarm/bin/../lib/gcc/arm-none-eabi/9.1.0/../../../../arm-none-eabi/lib/thumb\libc.a(lib_a-svfprintf.o)
                              c:/devkitpro/devkitarm/bin/../lib/gcc/arm-none-eabi/9.1.0/../../../../arm-none-eabi/lib/thumb\libc.a(lib_a-vsprintf.o) (_svfprintf_r)
c:/devkitpro/devkitarm/bin/../lib/gcc/arm-none-eabi/9.1.0/../../../../arm-none-eabi/lib/thumb\libc.a(lib_a-wcrtomb.o)
                              c:/devkitpro/devkitarm/bin/../lib/gcc/arm-none-eabi/9.1.0/../../../../arm-none-eabi/lib/thumb\libc.a(lib_a-svfprintf.o) (_wcrtomb_r)
c:/devkitpro/devkitarm/bin/../lib/gcc/arm-none-eabi/9.1.0/../../../../arm-none-eabi/lib/thumb\libc.a(lib_a-wcsrtombs.o)
                              c:/devkitpro/devkitarm/bin/../lib/gcc/arm-none-eabi/9.1.0/../../../../arm-none-eabi/lib/thumb\libc.a(lib_a-svfprintf.o) (_wcsrtombs_r)
c:/devkitpro/devkitarm/bin/../lib/gcc/arm-none-eabi/9.1.0/../../../../arm-none-eabi/lib/thumb\libc.a(lib_a-dtoa.o)
                              c:/devkitpro/devkitarm/bin/../lib/gcc/arm-none-eabi/9.1.0/../../../../arm-none-eabi/lib/thumb\libc.a(lib_a-svfprintf.o) (_dtoa_r)
c:/devkitpro/devkitarm/bin/../lib/gcc/arm-none-eabi/9.1.0/../../../../arm-none-eabi/lib/thumb\libc.a(lib_a-freer.o)
                              c:/devkitpro/devkitarm/bin/../lib/gcc/arm-none-eabi/9.1.0/../../../../arm-none-eabi/lib/thumb\libc.a(lib_a-svfprintf.o) (_free_r)
c:/devkitpro/devkitarm/bin/../lib/gcc/arm-none-eabi/9.1.0/../../../../arm-none-eabi/lib/thumb\libc.a(lib_a-localeconv.o)
                              c:/devkitpro/devkitarm/bin/../lib/gcc/arm-none-eabi/9.1.0/../../../../arm-none-eabi/lib/thumb\libc.a(lib_a-svfprintf.o) (_localeconv_r)
c:/devkitpro/devkitarm/bin/../lib/gcc/arm-none-eabi/9.1.0/../../../../arm-none-eabi/lib/thumb\libc.a(lib_a-locale.o)
                              c:/devkitpro/devkitarm/bin/../lib/gcc/arm-none-eabi/9.1.0/../../../../arm-none-eabi/lib/thumb\libc.a(lib_a-svfprintf.o) (__global_locale)
c:/devkitpro/devkitarm/bin/../lib/gcc/arm-none-eabi/9.1.0/../../../../arm-none-eabi/lib/thumb\libc.a(lib_a-mallocr.o)
                              c:/devkitpro/devkitarm/bin/../lib/gcc/arm-none-eabi/9.1.0/../../../../arm-none-eabi/lib/thumb\libc.a(lib_a-svfprintf.o) (_malloc_r)
c:/devkitpro/devkitarm/bin/../lib/gcc/arm-none-eabi/9.1.0/../../../../arm-none-eabi/lib/thumb\libc.a(lib_a-mbtowc_r.o)
[...]
Memory Configuration

Name             Origin             Length             Attributes
rom              0x0000000008000000 0x0000000002000000
iwram            0x0000000003000000 0x0000000000008000
ewram            0x0000000002000000 0x0000000000040000
*default*        0x0000000000000000 0xffffffffffffffff

Linker script and memory map

                0x0000000008000000                __text_start = ORIGIN (rom)
                0x0000000002040000                __eheap_end = (ORIGIN (ewram) + LENGTH (ewram))
                0x0000000003000000                __iwram_start = ORIGIN (iwram)
                0x0000000003008000                __iwram_top = (ORIGIN (iwram) + LENGTH (iwram))
                0x0000000003007fa0                __sp_irq = (__iwram_top - 0x60)
                0x0000000003007f00                __sp_usr = (__sp_irq - 0xa0)
                0x0000000003007ff8                __irq_flags = 0x3007ff8
                0x0000000008000000                . = __text_start

.crt0           0x0000000008000000      0x210
 *(.crt0)
 .crt0          0x0000000008000000      0x210 c:/devkitpro/devkitarm/bin/../lib/gcc/arm-none-eabi/9.1.0/../../../../arm-none-eabi/lib/thumb/gba_crt0.o
                0x0000000008000000                _start
                0x00000000080000c4                __boot_method
                0x00000000080000c5                __slave_number
                0x00000000080000e0                start_vector
                0x0000000008000210                . = ALIGN (0x4)

.init           0x0000000008000210        0xc
 *(SORT_NONE(.init))
 .init          0x0000000008000210        0x4 c:/devkitpro/devkitarm/bin/../lib/gcc/arm-none-eabi/9.1.0/thumb/crti.o
                0x0000000008000210                _init
 .init          0x0000000008000214        0x8 c:/devkitpro/devkitarm/bin/../lib/gcc/arm-none-eabi/9.1.0/thumb/crtn.o

.plt            0x000000000800021c        0x0
 *(.plt)
                0x000000000800021c                . = ALIGN (0x4)

.text           0x0000000008000220     0x7398
 *(EXCLUDE_FILE(*.iwram*) .text*)
 .text.deregister_tm_clones
                0x0000000008000220       0x2c c:/devkitpro/devkitarm/bin/../lib/gcc/arm-none-eabi/9.1.0/thumb/crtbegin.o
 .text.register_tm_clones
                0x000000000800024c       0x34 c:/devkitpro/devkitarm/bin/../lib/gcc/arm-none-eabi/9.1.0/thumb/crtbegin.o
 .text.__do_global_dtors_aux
                0x0000000008000280       0x30 c:/devkitpro/devkitarm/bin/../lib/gcc/arm-none-eabi/9.1.0/thumb/crtbegin.o
 .text.frame_dummy
                0x00000000080002b0       0x28 c:/devkitpro/devkitarm/bin/../lib/gcc/arm-none-eabi/9.1.0/thumb/crtbegin.o
 .text.startup  0x00000000080002d8       0x28 main.o
                0x00000000080002d8                main
 .text          0x0000000008000300      0x1c0 c:/devkitpro/devkitarm/bin/../lib/gcc/arm-none-eabi/9.1.0/../../../../arm-none-eabi/lib\libheart.a(interrupt.o)
                0x0000000008000300                dummy
                0x0000000008000304                hrt_InitIRQ
                0x0000000008000348                hrt_SetIRQ
                0x0000000008000394                hrt_EnableIRQ
                0x00000000080003f0                hrt_ToggleIRQ
                0x000000000800044c                hrt_IsIRQEnabled
                0x0000000008000464                hrt_DisableIRQ
 .text          0x00000000080004c0       0xc0 c:/devkitpro/devkitarm/bin/../lib/gcc/arm-none-eabi/9.1.0/../../../../arm-none-eabi/lib\libheart.a(bios.o)
                0x00000000080004c0                hrt_SoftReset
                0x00000000080004c4                hrt_RegisterRamReset
                0x00000000080004c8                hrt_Halt
                0x00000000080004cc                hrt_Stop
                0x00000000080004d0                hrt_IntrWait
                0x00000000080004d4                hrt_VblankIntrWait
                0x00000000080004d8                hrt_Div
                0x00000000080004dc                hrt_DivMod
                0x00000000080004e2                hrt_DivAbs
                0x00000000080004e8                hrt_DivArm
                0x00000000080004ec                hrt_DivArmMod
                0x00000000080004f2                hrt_DivArmAbs
                0x00000000080004f8                hrt_Sqrt
                0x0000000008000504                hrt_CpuSet
                0x0000000008000508                hrt_CpuFastSet
                0x000000000800050c                hrt_GetBiosChecksum
                0x0000000008000510                hrt_BgAffineSet
                0x0000000008000514                hrt_ObjAffineSet
                0x0000000008000518                hrt_BitUnPack
                0x000000000800051c                hrt_LZ77UnCompWram
                0x0000000008000520                hrt_LZ77UnCompVram
                0x0000000008000524                hrt_HuffUnComp
                0x0000000008000528                hrt_RLUnCompWram
                0x000000000800052c                hrt_RLUnCompVram
                0x0000000008000530                hrt_Diff8bitUnFilterWram
                0x0000000008000534                hrt_Diff8bitUnFilterVram
                0x0000000008000538                hrt_Diff16bitUnFilter
                0x000000000800053c                hrt_SoundDriverInit
                0x0000000008000540                hrt_SoundDriverMode
                0x0000000008000544                hrt_SoundDriverMain
                0x0000000008000548                hrt_SoundDriverVSync
                0x000000000800054c                hrt_SoundChannelClear
                0x0000000008000550                hrt_MidiKey2Freq
                0x0000000008000554                hrt_SoundWhatever0
                0x0000000008000558                hrt_SoundWhatever1
                0x000000000800055c                hrt_SoundWhatever2
                0x0000000008000560                hrt_SoundWhatever3
                0x0000000008000564                hrt_SoundWhatever4
                0x0000000008000568                hrt_MultiBoot
                0x000000000800056c                hrt_HardReset
                0x0000000008000570                hrt_CustomHalt
                0x0000000008000574                hrt_SoundDriverVSyncOff
                0x0000000008000578                hrt_SoundDriverVSyncOn
                0x000000000800057c                hrt_SoundGetJumpList
 .text          0x0000000008000580      0x148 c:/devkitpro/devkitarm/bin/../lib/gcc/arm-none-eabi/9.1.0/../../../../arm-none-eabi/lib\libheart.a(text.o)
                0x0000000008000580                hrt_SetTextColors
                0x0000000008000598                hrt_ClearText
                0x00000000080005c4                hrt_InitTextEngine
                0x0000000008000644                hrt_Print
 .text          0x00000000080006c8      0x578 c:/devkitpro/devkitarm/bin/../lib/gcc/arm-none-eabi/9.1.0/../../../../arm-none-eabi/lib\libheart.a(video.o)
                0x00000000080006c8                hrt_LoadDataIntoVRAM
                0x000000000800070c                hrt_LoadDataIntoPalette
                0x0000000008000750                hrt_DSPSetBGMode
                0x0000000008000768                hrt_DSPConfigureBG
                0x000000000800077c                hrt_GenerateColorFromRGB
                0x0000000008000790                hrt_DSPEnableBG
                0x00000000080007ac                hrt_DSPDisableBG
                0x00000000080007c8                hrt_DSPEnableOBJ
                0x00000000080007dc                hrt_DSPDisableOBJ
                0x00000000080007f0                hrt_DSPConfigBG
                0x0000000008000840                hrt_SetBGXY
                0x0000000008000868                hrt_SetBGX
                0x0000000008000884                hrt_SetBGY
                0x000000000800089c                hrt_InvertPalette
                0x00000000080008cc                hrt_PlotPixelInMode3
                0x00000000080008ec                hrt_PlotPixelInMode5
                0x000000000800090c                hrt_DrawLine3
                0x0000000008000a08                hrt_DSPEnableForceBlank
                0x0000000008000a1c                hrt_DSPDisableForceBlank
                0x0000000008000a30                hrt_EnableGreenSwap
                0x0000000008000a40                hrt_DisableGreenSwap
                0x0000000008000a50                hrt_GetPixelInMode3
                0x0000000008000a70                hrt_DestroyBG
                0x0000000008000a98                hrt_DSPEnableLinearOBJ
                0x0000000008000aac                hrt_DSPDisableLinearOBJ
                0x0000000008000ac0                hrt_BGSet16Color
                0x0000000008000ae4                hrt_BGSet256Color
                0x0000000008000b00                hrt_BGEnableMosaic
                0x0000000008000b1c                hrt_BGDisableMosaic
                0x0000000008000b40                hrt_BGSetSize
                0x0000000008000b74                hrt_BGSetMapBase
                0x0000000008000ba4                hrt_BGSetTileBase
                0x0000000008000bd4                hrt_BGSetPriority
                0x0000000008000c04                hrt_FlipBGBuffer
 .text          0x0000000008000c40      0x124 c:/devkitpro/devkitarm/bin/../lib/gcc/arm-none-eabi/9.1.0/../../../../arm-none-eabi/lib\libheart.a(misc.o)
                0x0000000008000c40                hrt_PrintRTCTimeIntoString
                0x0000000008000cf0                hrt_DMACopy
                0x0000000008000d14                hrt_DMAClear
                0x0000000008000d3c                hrt_DetectPogoshell
                0x0000000008000d5c                hrt_GetHeartLibVersion
 .text.__libc_init_array
                0x0000000008000d64       0x50 c:/devkitpro/devkitarm/bin/../lib/gcc/arm-none-eabi/9.1.0/../../../../arm-none-eabi/lib/thumb\libc.a(lib_a-init.o)
                0x0000000008000d64                __libc_init_array
 .text.strcpy   0x0000000008000db4       0x10 c:/devkitpro/devkitarm/bin/../lib/gcc/arm-none-eabi/9.1.0/../../../../arm-none-eabi/lib/thumb\libc.a(lib_a-strcpy.o)
                0x0000000008000db4                strcpy
 .text._vsprintf_r
                0x0000000008000dc4       0x2c c:/devkitpro/devkitarm/bin/../lib/gcc/arm-none-eabi/9.1.0/../../../../arm-none-eabi/lib/thumb\libc.a(lib_a-vsprintf.o)
                0x0000000008000dc4                _vsprintf_r
 .text.vsprintf
                0x0000000008000df0       0x1c c:/devkitpro/devkitarm/bin/../lib/gcc/arm-none-eabi/9.1.0/../../../../arm-none-eabi/lib/thumb\libc.a(lib_a-vsprintf.o)
                0x0000000008000df0                vsprintf
 .text.get_arg  0x0000000008000e0c      0x3d8 c:/devkitpro/devkitarm/bin/../lib/gcc/arm-none-eabi/9.1.0/../../../../arm-none-eabi/lib/thumb\libc.a(lib_a-svfprintf.o)
 .text._svfprintf_r
                0x00000000080011e4     0x2494 c:/devkitpro/devkitarm/bin/../lib/gcc/arm-none-eabi/9.1.0/../../../../arm-none-eabi/lib/thumb\libc.a(lib_a-svfprintf.o)
                0x00000000080011e4                _svfprintf_r
 .text._wcrtomb_r
                0x0000000008003678       0x5c c:/devkitpro/devkitarm/bin/../lib/gcc/arm-none-eabi/9.1.0/../../../../arm-none-eabi/lib/thumb\libc.a(lib_a-wcrtomb.o)
                0x0000000008003678                _wcrtomb_r
 .text._wcsrtombs_r
                0x00000000080036d4       0x1c c:/devkitpro/devkitarm/bin/../lib/gcc/arm-none-eabi/9.1.0/../../../../arm-none-eabi/lib/thumb\libc.a(lib_a-wcsrtombs.o)
                0x00000000080036d4                _wcsrtombs_r
 .text.quorem   0x00000000080036f0      0x14c c:/devkitpro/devkitarm/bin/../lib/gcc/arm-none-eabi/9.1.0/../../../../arm-none-eabi/lib/thumb\libc.a(lib_a-dtoa.o)
 .text._dtoa_r  0x000000000800383c      0xf70 c:/devkitpro/devkitarm/bin/../lib/gcc/arm-none-eabi/9.1.0/../../../../arm-none-eabi/lib/thumb\libc.a(lib_a-dtoa.o)
                0x000000000800383c                _dtoa_r
 .text._malloc_trim_r
                0x00000000080047ac       0xa0 c:/devkitpro/devkitarm/bin/../lib/gcc/arm-none-eabi/9.1.0/../../../../arm-none-eabi/lib/thumb\libc.a(lib_a-freer.o)
                0x00000000080047ac                _malloc_trim_r
 .text._free_r  0x000000000800484c      0x1e0 c:/devkitpro/devkitarm/bin/../lib/gcc/arm-none-eabi/9.1.0/../../../../arm-none-eabi/lib/thumb\libc.a(lib_a-freer.o)
                0x000000000800484c                _free_r
 .text._localeconv_r
                0x0000000008004a2c        0x8 c:/devkitpro/devkitarm/bin/../lib/gcc/arm-none-eabi/9.1.0/../../../../arm-none-eabi/lib/thumb\libc.a(lib_a-localeconv.o)
                0x0000000008004a2c                _localeconv_r
 .text.__locale_mb_cur_max
                0x0000000008004a34       0x10 c:/devkitpro/devkitarm/bin/../lib/gcc/arm-none-eabi/9.1.0/../../../../arm-none-eabi/lib/thumb\libc.a(lib_a-locale.o)
                0x0000000008004a34                __locale_mb_cur_max
 .text._malloc_r
                0x0000000008004a44      0x59c c:/devkitpro/devkitarm/bin/../lib/gcc/arm-none-eabi/9.1.0/../../../../arm-none-eabi/lib/thumb\libc.a(lib_a-mallocr.o)
                0x0000000008004a44                _malloc_r
 .text.__utf8_mbtowc
                0x0000000008004fe0      0x280 c:/devkitpro/devkitarm/bin/../lib/gcc/arm-none-eabi/9.1.0/../../../../arm-none-eabi/lib/thumb\libc.a(lib_a-mbtowc_r.o)
                0x0000000008004fe0                __utf8_mbtowc
 .text.memchr   0x0000000008005260       0x78 c:/devkitpro/devkitarm/bin/../lib/gcc/arm-none-eabi/9.1.0/../../../../arm-none-eabi/lib/thumb\libc.a(lib_a-memchr-stub.o)
                0x0000000008005260                memchr
 .text.memcpy   0x00000000080052d8       0xa8 c:/devkitpro/devkitarm/bin/../lib/gcc/arm-none-eabi/9.1.0/../../../../arm-none-eabi/lib/thumb\libc.a(lib_a-memcpy-stub.o)
                0x00000000080052d8                memcpy
 .text.memset   0x0000000008005380       0xb0 c:/devkitpro/devkitarm/bin/../lib/gcc/arm-none-eabi/9.1.0/../../../../arm-none-eabi/lib/thumb\libc.a(lib_a-memset.o)
                0x0000000008005380                memset
 .text.__malloc_lock
                0x0000000008005430       0x14 c:/devkitpro/devkitarm/bin/../lib/gcc/arm-none-eabi/9.1.0/../../../../arm-none-eabi/lib/thumb\libc.a(lib_a-mlock.o)
                0x0000000008005430                __malloc_lock
 .text.__malloc_unlock
                0x0000000008005444       0x14 c:/devkitpro/devkitarm/bin/../lib/gcc/arm-none-eabi/9.1.0/../../../../arm-none-eabi/lib/thumb\libc.a(lib_a-mlock.o)
                0x0000000008005444                __malloc_unlock
 .text._Balloc  0x0000000008005458       0x54 c:/devkitpro/devkitarm/bin/../lib/gcc/arm-none-eabi/9.1.0/../../../../arm-none-eabi/lib/thumb\libc.a(lib_a-mprec.o)
                0x0000000008005458                _Balloc
 .text._Bfree   0x00000000080054ac       0x14 c:/devkitpro/devkitarm/bin/../lib/gcc/arm-none-eabi/9.1.0/../../../../arm-none-eabi/lib/thumb\libc.a(lib_a-mprec.o)
                0x00000000080054ac                _Bfree
 .text.__multadd
                0x00000000080054c0       0x88 c:/devkitpro/devkitarm/bin/../lib/gcc/arm-none-eabi/9.1.0/../../../../arm-none-eabi/lib/thumb\libc.a(lib_a-mprec.o)
                0x00000000080054c0                __multadd
 .text.__hi0bits
                0x0000000008005548       0x38 c:/devkitpro/devkitarm/bin/../lib/gcc/arm-none-eabi/9.1.0/../../../../arm-none-eabi/lib/thumb\libc.a(lib_a-mprec.o)
                0x0000000008005548                __hi0bits
 .text.__lo0bits
                0x0000000008005580       0x5c c:/devkitpro/devkitarm/bin/../lib/gcc/arm-none-eabi/9.1.0/../../../../arm-none-eabi/lib/thumb\libc.a(lib_a-mprec.o)
                0x0000000008005580                __lo0bits
 .text.__i2b    0x00000000080055dc       0x18 c:/devkitpro/devkitarm/bin/../lib/gcc/arm-none-eabi/9.1.0/../../../../arm-none-eabi/lib/thumb\libc.a(lib_a-mprec.o)
                0x00000000080055dc                __i2b
 .text.__multiply
                0x00000000080055f4      0x194 c:/devkitpro/devkitarm/bin/../lib/gcc/arm-none-eabi/9.1.0/../../../../arm-none-eabi/lib/thumb\libc.a(lib_a-mprec.o)
                0x00000000080055f4                __multiply
 .text.__pow5mult
                0x0000000008005788       0xc4 c:/devkitpro/devkitarm/bin/../lib/gcc/arm-none-eabi/9.1.0/../../../../arm-none-eabi/lib/thumb\libc.a(lib_a-mprec.o)
                0x0000000008005788                __pow5mult
 .text.__lshift
                0x000000000800584c       0xf0 c:/devkitpro/devkitarm/bin/../lib/gcc/arm-none-eabi/9.1.0/../../../../arm-none-eabi/lib/thumb\libc.a(lib_a-mprec.o)
                0x000000000800584c                __lshift
 .text.__mcmp   0x000000000800593c       0x3c c:/devkitpro/devkitarm/bin/../lib/gcc/arm-none-eabi/9.1.0/../../../../arm-none-eabi/lib/thumb\libc.a(lib_a-mprec.o)
                0x000000000800593c                __mcmp
 .text.__mdiff  0x0000000008005978      0x148 c:/devkitpro/devkitarm/bin/../lib/gcc/arm-none-eabi/9.1.0/../../../../arm-none-eabi/lib/thumb\libc.a(lib_a-mprec.o)
                0x0000000008005978                __mdiff
 .text.__d2b    0x0000000008005ac0       0xc0 c:/devkitpro/devkitarm/bin/../lib/gcc/arm-none-eabi/9.1.0/../../../../arm-none-eabi/lib/thumb\libc.a(lib_a-mprec.o)
                0x0000000008005ac0                __d2b
 .text.frexp    0x0000000008005b80       0x68 c:/devkitpro/devkitarm/bin/../lib/gcc/arm-none-eabi/9.1.0/../../../../arm-none-eabi/lib/thumb\libc.a(lib_a-s_frexp.o)
                0x0000000008005b80                frexp
 .text.strlen   0x0000000008005be8       0x60 c:/devkitpro/devkitarm/bin/../lib/gcc/arm-none-eabi/9.1.0/../../../../arm-none-eabi/lib/thumb\libc.a(lib_a-strlen-stub.o)
                0x0000000008005be8                strlen
 .text.strncpy  0x0000000008005c48       0x74 c:/devkitpro/devkitarm/bin/../lib/gcc/arm-none-eabi/9.1.0/../../../../arm-none-eabi/lib/thumb\libc.a(lib_a-strncpy.o)
                0x0000000008005c48                strncpy
 .text.__ssprint_r
                0x0000000008005cbc      0x124 c:/devkitpro/devkitarm/bin/../lib/gcc/arm-none-eabi/9.1.0/../../../../arm-none-eabi/lib/thumb\libc.a(lib_a-svfiprintf.o)
                0x0000000008005cbc                __ssprint_r
 .text._wcsnrtombs_l
                0x0000000008005de0      0x138 c:/devkitpro/devkitarm/bin/../lib/gcc/arm-none-eabi/9.1.0/../../../../arm-none-eabi/lib/thumb\libc.a(lib_a-wcsnrtombs.o)
                0x0000000008005de0                _wcsnrtombs_l
 .text._wcsnrtombs_r
                0x0000000008005f18       0x30 c:/devkitpro/devkitarm/bin/../lib/gcc/arm-none-eabi/9.1.0/../../../../arm-none-eabi/lib/thumb\libc.a(lib_a-wcsnrtombs.o)
                0x0000000008005f18                _wcsnrtombs_r
 .text.__utf8_wctomb
                0x0000000008005f48       0xb4 c:/devkitpro/devkitarm/bin/../lib/gcc/arm-none-eabi/9.1.0/../../../../arm-none-eabi/lib/thumb\libc.a(lib_a-wctomb_r.o)
                0x0000000008005f48                __utf8_wctomb
 .text._calloc_r
                0x0000000008005ffc       0x60 c:/devkitpro/devkitarm/bin/../lib/gcc/arm-none-eabi/9.1.0/../../../../arm-none-eabi/lib/thumb\libc.a(lib_a-callocr.o)
                0x0000000008005ffc                _calloc_r
 .text.memmove  0x000000000800605c       0xb0 c:/devkitpro/devkitarm/bin/../lib/gcc/arm-none-eabi/9.1.0/../../../../arm-none-eabi/lib/thumb\libc.a(lib_a-memmove.o)
                0x000000000800605c                memmove
 .text._realloc_r
                0x000000000800610c      0x38c c:/devkitpro/devkitarm/bin/../lib/gcc/arm-none-eabi/9.1.0/../../../../arm-none-eabi/lib/thumb\libc.a(lib_a-reallocr.o)
                0x000000000800610c                _realloc_r
 .text._sbrk_r  0x0000000008006498       0x54 c:/devkitpro/devkitarm/bin/../lib/gcc/arm-none-eabi/9.1.0/../../../../arm-none-eabi/lib/thumb\libsysbase.a(sbrk.o)
                0x0000000008006498                _sbrk_r
 .text.__libc_lock_acquire_recursive
                0x00000000080064ec       0x1c c:/devkitpro/devkitarm/bin/../lib/gcc/arm-none-eabi/9.1.0/../../../../arm-none-eabi/lib/thumb\libsysbase.a(syscall_support.o)
                0x00000000080064ec                __libc_lock_acquire_recursive
 .text.__libc_lock_release_recursive
                0x0000000008006508       0x1c c:/devkitpro/devkitarm/bin/../lib/gcc/arm-none-eabi/9.1.0/../../../../arm-none-eabi/lib/thumb\libsysbase.a(syscall_support.o)
                0x0000000008006508                __libc_lock_release_recursive
 .text.__getreent
                0x0000000008006524       0x28 c:/devkitpro/devkitarm/bin/../lib/gcc/arm-none-eabi/9.1.0/../../../../arm-none-eabi/lib/thumb\libsysbase.a(getreent.o)
                0x0000000008006524                __getreent
 .text          0x000000000800654c       0x14 c:/devkitpro/devkitarm/bin/../lib/gcc/arm-none-eabi/9.1.0/thumb\libgcc.a(_thumb1_case_uqi.o)
                0x000000000800654c                __gnu_thumb1_case_uqi
 .text          0x0000000008006560       0x14 c:/devkitpro/devkitarm/bin/../lib/gcc/arm-none-eabi/9.1.0/thumb\libgcc.a(_thumb1_case_uhi.o)
                0x0000000008006560                __gnu_thumb1_case_uhi
 .text          0x0000000008006574      0x11c c:/devkitpro/devkitarm/bin/../lib/gcc/arm-none-eabi/9.1.0/thumb\libgcc.a(_udivsi3.o)
                0x0000000008006574                __aeabi_uidiv
                0x0000000008006574                __udivsi3
                0x0000000008006670                __aeabi_uidivmod
 .text          0x0000000008006690      0x150 c:/devkitpro/devkitarm/bin/../lib/gcc/arm-none-eabi/9.1.0/thumb\libgcc.a(_divsi3.o)
                0x0000000008006690                __divsi3
                0x0000000008006690                __aeabi_idiv
                0x00000000080067c0                __aeabi_idivmod
 .text          0x00000000080067e0        0x4 c:/devkitpro/devkitarm/bin/../lib/gcc/arm-none-eabi/9.1.0/thumb\libgcc.a(_dvmd_tls.o)
                0x00000000080067e0                __aeabi_idiv0
                0x00000000080067e0                __aeabi_ldiv0
 .text          0x00000000080067e4      0x424 c:/devkitpro/devkitarm/bin/../lib/gcc/arm-none-eabi/9.1.0/thumb\libgcc.a(_arm_addsubdf3.o)
                0x00000000080067e4                __aeabi_drsub
                0x00000000080067ec                __aeabi_dsub
                0x00000000080067ec                __subdf3
                0x00000000080067f0                __aeabi_dadd
                0x00000000080067f0                __adddf3
                0x0000000008006b00                __floatunsidf
                0x0000000008006b00                __aeabi_ui2d
                0x0000000008006b24                __floatsidf
                0x0000000008006b24                __aeabi_i2d
                0x0000000008006b4c                __aeabi_f2d
                0x0000000008006b4c                __extendsfdf2
                0x0000000008006b94                __floatundidf
                0x0000000008006b94                __aeabi_ul2d
                0x0000000008006ba8                __floatdidf
                0x0000000008006ba8                __aeabi_l2d
 .text          0x0000000008006c08      0x49c c:/devkitpro/devkitarm/bin/../lib/gcc/arm-none-eabi/9.1.0/thumb\libgcc.a(_arm_muldivdf3.o)
                0x0000000008006c08                __aeabi_dmul
                0x0000000008006c08                __muldf3
                0x0000000008006e98                __divdf3
                0x0000000008006e98                __aeabi_ddiv
 .text          0x00000000080070a4      0x144 c:/devkitpro/devkitarm/bin/../lib/gcc/arm-none-eabi/9.1.0/thumb\libgcc.a(_arm_cmpdf2.o)
                0x00000000080070a4                __gtdf2
                0x00000000080070a4                __gedf2
                0x00000000080070ac                __ltdf2
                0x00000000080070ac                __ledf2
                0x00000000080070b4                __nedf2
                0x00000000080070b4                __eqdf2
                0x00000000080070b4                __cmpdf2
                0x000000000800713c                __aeabi_cdrcmple
                0x0000000008007158                __aeabi_cdcmpeq
                0x0000000008007158                __aeabi_cdcmple
                0x0000000008007170                __aeabi_dcmpeq
                0x0000000008007188                __aeabi_dcmplt
                0x00000000080071a0                __aeabi_dcmple
                0x00000000080071b8                __aeabi_dcmpge
                0x00000000080071d0                __aeabi_dcmpgt
 .text          0x00000000080071e8       0x38 c:/devkitpro/devkitarm/bin/../lib/gcc/arm-none-eabi/9.1.0/thumb\libgcc.a(_arm_unorddf2.o)
                0x00000000080071e8                __unorddf2
                0x00000000080071e8                __aeabi_dcmpun
 .text          0x0000000008007220       0x5c c:/devkitpro/devkitarm/bin/../lib/gcc/arm-none-eabi/9.1.0/thumb\libgcc.a(_arm_fixdfsi.o)
                0x0000000008007220                __aeabi_d2iz
                0x0000000008007220                __fixdfsi
 .text          0x000000000800727c       0x3c c:/devkitpro/devkitarm/bin/../lib/gcc/arm-none-eabi/9.1.0/thumb\libgcc.a(_aeabi_uldivmod.o)
                0x000000000800727c                __aeabi_uldivmod
 .text.__udivmoddi4
                0x00000000080072b8      0x19c c:/devkitpro/devkitarm/bin/../lib/gcc/arm-none-eabi/9.1.0/thumb\libgcc.a(_udivmoddi4.o)
                0x00000000080072b8                __udivmoddi4
 .text          0x0000000008007454       0x28 c:/devkitpro/devkitarm/bin/../lib/gcc/arm-none-eabi/9.1.0/thumb\libgcc.a(_clzdi2.o)
                0x0000000008007454                __clzdi2
 .text          0x000000000800747c       0x48 c:/devkitpro/devkitarm/bin/../lib/gcc/arm-none-eabi/9.1.0/thumb\libgcc.a(_clzsi2.o)
                0x000000000800747c                __clzsi2
 *fill*         0x00000000080074c4        0x4 ff
 .text.__stub   0x00000000080074c8       0xe4 linker stubs
 *(.gnu.linkonce.t.*)
 *(.text.*personality*)
 *(.gnu.warning)
 *(.glue_7t)
 .glue_7t       0x00000000080075b8        0x0 linker stubs
 *(.glue_7)
 .glue_7        0x00000000080075b8        0x0 linker stubs
 *(.vfp11_veneer)
 .vfp11_veneer  0x00000000080075b8        0x0 linker stubs
                0x00000000080075b8                . = ALIGN (0x4)
                0x00000000080075b8                __text_end = .

.v4_bx          0x00000000080075b8        0x0
 .v4_bx         0x00000000080075b8        0x0 linker stubs

.iplt           0x00000000080075b8        0x0
 .iplt          0x00000000080075b8        0x0 c:/devkitpro/devkitarm/bin/../lib/gcc/arm-none-eabi/9.1.0/../../../../arm-none-eabi/lib/thumb/gba_crt0.o

.fini           0x00000000080075b8        0xc
 *(.fini)
 .fini          0x00000000080075b8        0x4 c:/devkitpro/devkitarm/bin/../lib/gcc/arm-none-eabi/9.1.0/thumb/crti.o
                0x00000000080075b8                _fini
 .fini          0x00000000080075bc        0x8 c:/devkitpro/devkitarm/bin/../lib/gcc/arm-none-eabi/9.1.0/thumb/crtn.o
                0x00000000080075c4                . = ALIGN (0x4)

.rodata         0x00000000080075c8     0x1c58
 *(.rodata)
 .rodata        0x00000000080075c8     0x17c0 c:/devkitpro/devkitarm/bin/../lib/gcc/arm-none-eabi/9.1.0/../../../../arm-none-eabi/lib\libheart.a(font.o)
                0x00000000080075c8                font_matrixBitmap
 *all.rodata*(*)
 *(.roda)
 *(.rodata.*)
 .rodata.str1.1
                0x0000000008008d88        0x9 c:/devkitpro/devkitarm/bin/../lib/gcc/arm-none-eabi/9.1.0/../../../../arm-none-eabi/lib\libheart.a(misc.o)
 .rodata._svfprintf_r.str1.1
                0x0000000008008d91       0x39 c:/devkitpro/devkitarm/bin/../lib/gcc/arm-none-eabi/9.1.0/../../../../arm-none-eabi/lib/thumb\libc.a(lib_a-svfprintf.o)
                                         0x3b (size before relaxing)
 *fill*         0x0000000008008dca        0x2 ff
 .rodata.blanks.7413
                0x0000000008008dcc       0x10 c:/devkitpro/devkitarm/bin/../lib/gcc/arm-none-eabi/9.1.0/../../../../arm-none-eabi/lib/thumb\libc.a(lib_a-svfprintf.o)
 .rodata.zeroes.7414
                0x0000000008008ddc       0x10 c:/devkitpro/devkitarm/bin/../lib/gcc/arm-none-eabi/9.1.0/../../../../arm-none-eabi/lib/thumb\libc.a(lib_a-svfprintf.o)
 .rodata._dtoa_r.str1.4
                0x0000000008008dec       0x12 c:/devkitpro/devkitarm/bin/../lib/gcc/arm-none-eabi/9.1.0/../../../../arm-none-eabi/lib/thumb\libc.a(lib_a-dtoa.o)
 *fill*         0x0000000008008dfe        0x2 ff
 .rodata.str1.4
                0x0000000008008e00       0x48 c:/devkitpro/devkitarm/bin/../lib/gcc/arm-none-eabi/9.1.0/../../../../arm-none-eabi/lib/thumb\libc.a(lib_a-locale.o)
                                         0x4c (size before relaxing)
 .rodata.__mprec_bigtens
                0x0000000008008e48       0x28 c:/devkitpro/devkitarm/bin/../lib/gcc/arm-none-eabi/9.1.0/../../../../arm-none-eabi/lib/thumb\libc.a(lib_a-mprec.o)
                0x0000000008008e48                __mprec_bigtens
 .rodata.__mprec_tens
                0x0000000008008e70       0xc8 c:/devkitpro/devkitarm/bin/../lib/gcc/arm-none-eabi/9.1.0/../../../../arm-none-eabi/lib/thumb\libc.a(lib_a-mprec.o)
                0x0000000008008e70                __mprec_tens
 .rodata.p05.6147
                0x0000000008008f38        0xc c:/devkitpro/devkitarm/bin/../lib/gcc/arm-none-eabi/9.1.0/../../../../arm-none-eabi/lib/thumb\libc.a(lib_a-mprec.o)
 .rodata.__action_table
                0x0000000008008f44       0x6c c:/devkitpro/devkitarm/bin/../lib/gcc/arm-none-eabi/9.1.0/../../../../arm-none-eabi/lib/thumb\libc.a(lib_a-svfiprintf.o)
                0x0000000008008f44                __action_table
 .rodata.__chclass
                0x0000000008008fb0      0x100 c:/devkitpro/devkitarm/bin/../lib/gcc/arm-none-eabi/9.1.0/../../../../arm-none-eabi/lib/thumb\libc.a(lib_a-svfiprintf.o)
                0x0000000008008fb0                __chclass
 .rodata.__state_table
                0x00000000080090b0       0x6c c:/devkitpro/devkitarm/bin/../lib/gcc/arm-none-eabi/9.1.0/../../../../arm-none-eabi/lib/thumb\libc.a(lib_a-svfiprintf.o)
                0x00000000080090b0                __state_table
 .rodata._ctype_
                0x000000000800911c      0x101 c:/devkitpro/devkitarm/bin/../lib/gcc/arm-none-eabi/9.1.0/../../../../arm-none-eabi/lib/thumb\libc.a(lib_a-ctype_.o)
                0x000000000800911c                _ctype_
 *(.gnu.linkonce.r*)
                0x0000000008009220                . = ALIGN (0x4)
 *fill*         0x000000000800921d        0x3 ff

.ARM.extab
 *(.ARM.extab* .gnu.linkonce.armextab.*)
                0x0000000008009220                __exidx_start = .

.ARM.exidx
 *(.ARM.exidx* .gnu.linkonce.armexidx.*)
                0x0000000008009220                __exidx_end = .

.ctors          0x0000000008009220        0x0
 *crtbegin.o(.ctors)
 *(EXCLUDE_FILE(*crtend.o) .ctors)
 *(SORT_BY_NAME(.ctors.*))
 *(.ctors)
                0x0000000008009220                . = ALIGN (0x4)

.dtors          0x0000000008009220        0x0
 *crtbegin.o(.dtors)
 *(EXCLUDE_FILE(*crtend.o) .dtors)
 *(SORT_BY_NAME(.dtors.*))
 *(.dtors)
                0x0000000008009220                . = ALIGN (0x4)

.eh_frame       0x0000000008009220        0x4
 *(.eh_frame)
 .eh_frame      0x0000000008009220        0x0 c:/devkitpro/devkitarm/bin/../lib/gcc/arm-none-eabi/9.1.0/thumb/crtbegin.o
 .eh_frame      0x0000000008009220        0x4 c:/devkitpro/devkitarm/bin/../lib/gcc/arm-none-eabi/9.1.0/thumb/crtend.o
                0x0000000008009224                . = ALIGN (0x4)

.gcc_except_table
                0x0000000008009224        0x0
 *(.gcc_except_table)
                0x0000000008009224                . = ALIGN (0x4)
                0x0000000008009224                __iwram_lma = .

.iwram          0x0000000003000000      0x17c load address 0x0000000008009224
                0x0000000003000000                __iwram_start__ = ABSOLUTE (.)
 *(.iwram .iwram*)
 .iwram         0x0000000003000000       0xb8 c:/devkitpro/devkitarm/bin/../lib/gcc/arm-none-eabi/9.1.0/../../../../arm-none-eabi/lib\libheart.a(intdispatch.o)
                0x0000000003000000                IntrMain
 .iwram         0x00000000030000b8       0xc4 c:/devkitpro/devkitarm/bin/../lib/gcc/arm-none-eabi/9.1.0/../../../../arm-none-eabi/lib\libheart.a(rtc.o)
                0x00000000030000b8                gettime
 *iwram.*(.text* .data*)
                0x000000000300017c                . = ALIGN (0x4)
                0x000000000300017c                __iwram_end__ = ABSOLUTE (.)
                0x00000000080093a0                __data_lma = (__iwram_lma + SIZEOF (.iwram))

.rel.dyn        0x000000000300017c        0x0 load address 0x00000000080093a0
 .rel.iplt      0x000000000300017c        0x0 c:/devkitpro/devkitarm/bin/../lib/gcc/arm-none-eabi/9.1.0/../../../../arm-none-eabi/lib/thumb/gba_crt0.o

.bss            0x000000000300017c      0x13c
                0x000000000300017c                __bss_start = ABSOLUTE (.)
                0x000000000300017c                __bss_start__ = ABSOLUTE (.)
 *(.dynbss)
 *(.gnu.linkonce.b*)
 *(.bss*)
 .bss.completed.9071
                0x000000000300017c        0x1 c:/devkitpro/devkitarm/bin/../lib/gcc/arm-none-eabi/9.1.0/thumb/crtbegin.o
 *fill*         0x000000000300017d        0x3 
 .bss.object.9076
                0x0000000003000180       0x18 c:/devkitpro/devkitarm/bin/../lib/gcc/arm-none-eabi/9.1.0/thumb/crtbegin.o
 .bss.__malloc_current_mallinfo
                0x0000000003000198       0x28 c:/devkitpro/devkitarm/bin/../lib/gcc/arm-none-eabi/9.1.0/../../../../arm-none-eabi/lib/thumb\libc.a(lib_a-mallocr.o)
                0x0000000003000198                __malloc_current_mallinfo
 .bss.__malloc_max_sbrked_mem
                0x00000000030001c0        0x4 c:/devkitpro/devkitarm/bin/../lib/gcc/arm-none-eabi/9.1.0/../../../../arm-none-eabi/lib/thumb\libc.a(lib_a-mallocr.o)
                0x00000000030001c0                __malloc_max_sbrked_mem
 .bss.__malloc_max_total_mem
                0x00000000030001c4        0x4 c:/devkitpro/devkitarm/bin/../lib/gcc/arm-none-eabi/9.1.0/../../../../arm-none-eabi/lib/thumb\libc.a(lib_a-mallocr.o)
                0x00000000030001c4                __malloc_max_total_mem
 .bss.__malloc_top_pad
                0x00000000030001c8        0x4 c:/devkitpro/devkitarm/bin/../lib/gcc/arm-none-eabi/9.1.0/../../../../arm-none-eabi/lib/thumb\libc.a(lib_a-mallocr.o)
                0x00000000030001c8                __malloc_top_pad
 .bss.heap_start.6057
                0x00000000030001cc        0x4 c:/devkitpro/devkitarm/bin/../lib/gcc/arm-none-eabi/9.1.0/../../../../arm-none-eabi/lib/thumb\libsysbase.a(sbrk.o)
 .bss.fake_heap_end
                0x00000000030001d0        0x4 c:/devkitpro/devkitarm/bin/../lib/gcc/arm-none-eabi/9.1.0/../../../../arm-none-eabi/lib/thumb\libsysbase.a(malloc_vars.o)
                0x00000000030001d0                fake_heap_end
 .bss.fake_heap_start
                0x00000000030001d4        0x4 c:/devkitpro/devkitarm/bin/../lib/gcc/arm-none-eabi/9.1.0/../../../../arm-none-eabi/lib/thumb\libsysbase.a(malloc_vars.o)
                0x00000000030001d4                fake_heap_start
 .bss.__syscalls
                0x00000000030001d8       0x48 c:/devkitpro/devkitarm/bin/../lib/gcc/arm-none-eabi/9.1.0/../../../../arm-none-eabi/lib/thumb\libsysbase.a(syscall_support.o)
                0x00000000030001d8                __syscalls
 *(COMMON)
 COMMON         0x0000000003000220       0x78 c:/devkitpro/devkitarm/bin/../lib/gcc/arm-none-eabi/9.1.0/../../../../arm-none-eabi/lib\libheart.a(interrupt.o)
                0x0000000003000220                IntrTable
 COMMON         0x0000000003000298       0x20 c:/devkitpro/devkitarm/bin/../lib/gcc/arm-none-eabi/9.1.0/../../../../arm-none-eabi/lib\libheart.a(text.o)
                0x0000000003000298                __outstr2
                0x00000000030002b8                . = ALIGN (0x4)
                0x00000000030002b8                __bss_end__ = ABSOLUTE (.)

.data           0x00000000030002b8      0xa08 load address 0x00000000080093a0
                0x00000000030002b8                __data_start__ = ABSOLUTE (.)
 *(.data*)
 .data          0x00000000030002b8        0x8 c:/devkitpro/devkitarm/bin/../lib/gcc/arm-none-eabi/9.1.0/../../../../arm-none-eabi/lib\libheart.a(video.o)
                0x00000000030002b8                BackBuffer
                0x00000000030002bc                FrontBuffer
 .data          0x00000000030002c0       0x10 c:/devkitpro/devkitarm/bin/../lib/gcc/arm-none-eabi/9.1.0/../../../../arm-none-eabi/lib\libheart.a(misc.o)
                0x00000000030002c0                SRAM
                0x00000000030002c4                OAM
                0x00000000030002c8                PALETTE
                0x00000000030002cc                VRAM
 .data.__global_locale
                0x00000000030002d0      0x16c c:/devkitpro/devkitarm/bin/../lib/gcc/arm-none-eabi/9.1.0/../../../../arm-none-eabi/lib/thumb\libc.a(lib_a-locale.o)
                0x00000000030002d0                __global_locale
 .data.__malloc_av_
                0x000000000300043c      0x408 c:/devkitpro/devkitarm/bin/../lib/gcc/arm-none-eabi/9.1.0/../../../../arm-none-eabi/lib/thumb\libc.a(lib_a-mallocr.o)
                0x000000000300043c                __malloc_av_
 .data.__malloc_sbrk_base
                0x0000000003000844        0x4 c:/devkitpro/devkitarm/bin/../lib/gcc/arm-none-eabi/9.1.0/../../../../arm-none-eabi/lib/thumb\libc.a(lib_a-mallocr.o)
                0x0000000003000844                __malloc_sbrk_base
 .data.__malloc_trim_threshold
                0x0000000003000848        0x4 c:/devkitpro/devkitarm/bin/../lib/gcc/arm-none-eabi/9.1.0/../../../../arm-none-eabi/lib/thumb\libc.a(lib_a-mallocr.o)
                0x0000000003000848                __malloc_trim_threshold
 .data.__malloc_recursive_mutex
                0x000000000300084c        0xc c:/devkitpro/devkitarm/bin/../lib/gcc/arm-none-eabi/9.1.0/../../../../arm-none-eabi/lib/thumb\libc.a(lib_a-mlock.o)
 .data._impure_ptr
                0x0000000003000858        0x4 c:/devkitpro/devkitarm/bin/../lib/gcc/arm-none-eabi/9.1.0/../../../../arm-none-eabi/lib/thumb\libc.a(lib_a-impure.o)
                0x0000000003000858                _impure_ptr
 *fill*         0x000000000300085c        0x4 ff
 .data.impure_data
                0x0000000003000860      0x460 c:/devkitpro/devkitarm/bin/../lib/gcc/arm-none-eabi/9.1.0/../../../../arm-none-eabi/lib/thumb\libc.a(lib_a-impure.o)
 *(.gnu.linkonce.d*)
                0x0000000003000cc0                . = ALIGN (0x4)
                0x0000000008009da8                __preinit_lma = (__data_lma + SIZEOF (.data))

.igot.plt       0x0000000003000cc0        0x0 load address 0x0000000008009da8
 .igot.plt      0x0000000003000cc0        0x0 c:/devkitpro/devkitarm/bin/../lib/gcc/arm-none-eabi/9.1.0/../../../../arm-none-eabi/lib/thumb/gba_crt0.o

.tm_clone_table
                0x0000000003000cc0        0x0 load address 0x0000000008009da8
 .tm_clone_table
                0x0000000003000cc0        0x0 c:/devkitpro/devkitarm/bin/../lib/gcc/arm-none-eabi/9.1.0/thumb/crtbegin.o
 .tm_clone_table
                0x0000000003000cc0        0x0 c:/devkitpro/devkitarm/bin/../lib/gcc/arm-none-eabi/9.1.0/thumb/crtend.o

.preinit_array  0x0000000003000cc0        0x0 load address 0x0000000008009da8
                0x0000000003000cc0                __preinit_array_start = ABSOLUTE (.)
 *(.preinit_array)
                0x0000000003000cc0                __preinit_array_end = ABSOLUTE (.)
                0x0000000008009da8                __init_lma = (__preinit_lma + SIZEOF (.preinit_array))

.init_array     0x0000000003000cc0        0x4 load address 0x0000000008009da8
                0x0000000003000cc0                __init_array_start = ABSOLUTE (.)
 *(SORT_BY_NAME(.init_array.*))
 *(.init_array)
 .init_array    0x0000000003000cc0        0x4 c:/devkitpro/devkitarm/bin/../lib/gcc/arm-none-eabi/9.1.0/thumb/crtbegin.o
                0x0000000003000cc4                __init_array_end = ABSOLUTE (.)
                0x0000000008009dac                __fini_lma = (__init_lma + SIZEOF (.init_array))

.fini_array     0x0000000003000cc4        0x4 load address 0x0000000008009dac
                0x0000000003000cc4                __fini_array_start = ABSOLUTE (.)
 *(SORT_BY_NAME(.fini_array.*))
 *(.fini_array)
 .fini_array    0x0000000003000cc4        0x4 c:/devkitpro/devkitarm/bin/../lib/gcc/arm-none-eabi/9.1.0/thumb/crtbegin.o
                0x0000000003000cc8                __fini_array_end = ABSOLUTE (.)
                0x0000000008009db0                __jcr_lma = (__fini_lma + SIZEOF (.fini_array))

.jcr            0x0000000003000cc8        0x0 load address 0x0000000008009db0
 *(.jcr)
                0x0000000003000cc8                __data_end__ = ABSOLUTE (.)
                0x0000000008009db0                __iwram_overlay_lma = (__jcr_lma + SIZEOF (.jcr))
                0x0000000003000cc8                __iwram_overlay_start = .

.iwram0         0x0000000003000cc8        0x0 load address 0x0000000008009db0
 *(.iwram0)
                0x0000000003000cc8                . = ALIGN (0x4)
                0x0000000008009db0                PROVIDE (__load_start_iwram0 = LOADADDR (.iwram0))
                0x0000000008009db0                PROVIDE (__load_stop_iwram0 = (LOADADDR (.iwram0) + SIZEOF (.iwram0)))

.iwram1         0x0000000003000cc8        0x0
 *(.iwram1)
                0x0000000003000cc8                . = ALIGN (0x4)
                [!provide]                        PROVIDE (__load_start_iwram1 = LOADADDR (.iwram1))
                [!provide]                        PROVIDE (__load_stop_iwram1 = (LOADADDR (.iwram1) + SIZEOF (.iwram1)))

.iwram2         0x0000000003000cc8        0x0
 *(.iwram2)
                0x0000000003000cc8                . = ALIGN (0x4)
                [!provide]                        PROVIDE (__load_start_iwram2 = LOADADDR (.iwram2))
                [!provide]                        PROVIDE (__load_stop_iwram2 = (LOADADDR (.iwram2) + SIZEOF (.iwram2)))

.iwram3         0x0000000003000cc8        0x0
 *(.iwram3)
                0x0000000003000cc8                . = ALIGN (0x4)
                [!provide]                        PROVIDE (__load_start_iwram3 = LOADADDR (.iwram3))
                [!provide]                        PROVIDE (__load_stop_iwram3 = (LOADADDR (.iwram3) + SIZEOF (.iwram3)))

.iwram4         0x0000000003000cc8        0x0
 *(.iwram4)
                0x0000000003000cc8                . = ALIGN (0x4)
                [!provide]                        PROVIDE (__load_start_iwram4 = LOADADDR (.iwram4))
                [!provide]                        PROVIDE (__load_stop_iwram4 = (LOADADDR (.iwram4) + SIZEOF (.iwram4)))

.iwram5         0x0000000003000cc8        0x0
 *(.iwram5)
                0x0000000003000cc8                . = ALIGN (0x4)
                [!provide]                        PROVIDE (__load_start_iwram5 = LOADADDR (.iwram5))
                [!provide]                        PROVIDE (__load_stop_iwram5 = (LOADADDR (.iwram5) + SIZEOF (.iwram5)))

.iwram6         0x0000000003000cc8        0x0
 *(.iwram6)
                0x0000000003000cc8                . = ALIGN (0x4)
                [!provide]                        PROVIDE (__load_start_iwram6 = LOADADDR (.iwram6))
                [!provide]                        PROVIDE (__load_stop_iwram6 = (LOADADDR (.iwram6) + SIZEOF (.iwram6)))

.iwram7         0x0000000003000cc8        0x0
 *(.iwram7)
                0x0000000003000cc8                . = ALIGN (0x4)
                [!provide]                        PROVIDE (__load_start_iwram7 = LOADADDR (.iwram7))
                [!provide]                        PROVIDE (__load_stop_iwram7 = (LOADADDR (.iwram7) + SIZEOF (.iwram7)))

.iwram8         0x0000000003000cc8        0x0
 *(.iwram8)
                0x0000000003000cc8                . = ALIGN (0x4)
                [!provide]                        PROVIDE (__load_start_iwram8 = LOADADDR (.iwram8))
                [!provide]                        PROVIDE (__load_stop_iwram8 = (LOADADDR (.iwram8) + SIZEOF (.iwram8)))

.iwram9         0x0000000003000cc8        0x0
 *(.iwram9)
                0x0000000003000cc8                . = ALIGN (0x4)
                [!provide]                        PROVIDE (__load_start_iwram9 = LOADADDR (.iwram9))
                [!provide]                        PROVIDE (__load_stop_iwram9 = (LOADADDR (.iwram9) + SIZEOF (.iwram9)))
                0x0000000003000cc8                __iwram_overlay_end = .
                0x0000000008009db0                __ewram_lma = (__iwram_overlay_lma + (__iwram_overlay_end - __iwram_overlay_start))
                0x0000000003000cc8                __iheap_start = .
                0x0000000002000000                __ewram_start = ORIGIN (ewram)

.ewram          0x0000000002000000        0x0 load address 0x0000000008009db0
 *(.ewram*)
                0x0000000002000000                . = ALIGN (0x4)
                0x0000000002000000                __ewram_end = ABSOLUTE (.)
                0x0000000008009db0                __pad_lma = (__ewram_lma + SIZEOF (.ewram))

.sbss           0x0000000002000000        0x0
                0x0000000002000000                __sbss_start__ = ABSOLUTE (.)
 *(.sbss*)
                0x0000000002000000                . = ALIGN (0x4)
                0x0000000002000000                __sbss_end__ = ABSOLUTE (.)
                0x0000000002000000                __end__ = ABSOLUTE (.)
                0x0000000002000000                __eheap_start = ABSOLUTE (.)

.pad            0x0000000002000000        0x8 load address 0x0000000008009db0
                0x0000000002000000        0x4 LONG 0x52416b64
                0x0000000002000004        0x4 LONG 0x4d
                0x0000000002000008                . = ALIGN (0x4)
                0x0000000008009db8                __rom_end__ = (__pad_lma + SIZEOF (.pad))

.stab
 *(.stab)

.stabstr
 *(.stabstr)

.stab.excl
 *(.stab.excl)

.stab.exclstr
 *(.stab.exclstr)

.stab.index
 *(.stab.index)

.stab.indexstr
 *(.stab.indexstr)

.comment        0x0000000000000000       0x22
 *(.comment)
 .comment       0x0000000000000000       0x22 c:/devkitpro/devkitarm/bin/../lib/gcc/arm-none-eabi/9.1.0/thumb/crtbegin.o
                                         0x23 (size before relaxing)
 .comment       0x0000000000000022       0x23 main.o
 .comment       0x0000000000000022       0x23 c:/devkitpro/devkitarm/bin/../lib/gcc/arm-none-eabi/9.1.0/../../../../arm-none-eabi/lib\libheart.a(interrupt.o)
 .comment       0x0000000000000022       0x23 c:/devkitpro/devkitarm/bin/../lib/gcc/arm-none-eabi/9.1.0/../../../../arm-none-eabi/lib\libheart.a(text.o)
 .comment       0x0000000000000022       0x23 c:/devkitpro/devkitarm/bin/../lib/gcc/arm-none-eabi/9.1.0/../../../../arm-none-eabi/lib\libheart.a(video.o)
 .comment       0x0000000000000022       0x23 c:/devkitpro/devkitarm/bin/../lib/gcc/arm-none-eabi/9.1.0/../../../../arm-none-eabi/lib\libheart.a(font.o)
 .comment       0x0000000000000022       0x23 c:/devkitpro/devkitarm/bin/../lib/gcc/arm-none-eabi/9.1.0/../../../../arm-none-eabi/lib\libheart.a(misc.o)
 .comment       0x0000000000000022       0x23 c:/devkitpro/devkitarm/bin/../lib/gcc/arm-none-eabi/9.1.0/../../../../arm-none-eabi/lib/thumb\libc.a(lib_a-init.o)
 .comment       0x0000000000000022       0x23 c:/devkitpro/devkitarm/bin/../lib/gcc/arm-none-eabi/9.1.0/../../../../arm-none-eabi/lib/thumb\libc.a(lib_a-strcpy.o)
 .comment       0x0000000000000022       0x23 c:/devkitpro/devkitarm/bin/../lib/gcc/arm-none-eabi/9.1.0/../../../../arm-none-eabi/lib/thumb\libc.a(lib_a-vsprintf.o)
 .comment       0x0000000000000022       0x23 c:/devkitpro/devkitarm/bin/../lib/gcc/arm-none-eabi/9.1.0/../../../../arm-none-eabi/lib/thumb\libc.a(lib_a-svfprintf.o)
 .comment       0x0000000000000022       0x23 c:/devkitpro/devkitarm/bin/../lib/gcc/arm-none-eabi/9.1.0/../../../../arm-none-eabi/lib/thumb\libc.a(lib_a-wcrtomb.o)
 .comment       0x0000000000000022       0x23 c:/devkitpro/devkitarm/bin/../lib/gcc/arm-none-eabi/9.1.0/../../../../arm-none-eabi/lib/thumb\libc.a(lib_a-wcsrtombs.o)
 .comment       0x0000000000000022       0x23 c:/devkitpro/devkitarm/bin/../lib/gcc/arm-none-eabi/9.1.0/../../../../arm-none-eabi/lib/thumb\libc.a(lib_a-dtoa.o)
 .comment       0x0000000000000022       0x23 c:/devkitpro/devkitarm/bin/../lib/gcc/arm-none-eabi/9.1.0/../../../../arm-none-eabi/lib/thumb\libc.a(lib_a-freer.o)
 .comment       0x0000000000000022       0x23 c:/devkitpro/devkitarm/bin/../lib/gcc/arm-none-eabi/9.1.0/../../../../arm-none-eabi/lib/thumb\libc.a(lib_a-localeconv.o)
 .comment       0x0000000000000022       0x23 c:/devkitpro/devkitarm/bin/../lib/gcc/arm-none-eabi/9.1.0/../../../../arm-none-eabi/lib/thumb\libc.a(lib_a-locale.o)
 .comment       0x0000000000000022       0x23 c:/devkitpro/devkitarm/bin/../lib/gcc/arm-none-eabi/9.1.0/../../../../arm-none-eabi/lib/thumb\libc.a(lib_a-mallocr.o)
 .comment       0x0000000000000022       0x23 c:/devkitpro/devkitarm/bin/../lib/gcc/arm-none-eabi/9.1.0/../../../../arm-none-eabi/lib/thumb\libc.a(lib_a-mbtowc_r.o)
 .comment       0x0000000000000022       0x23 c:/devkitpro/devkitarm/bin/../lib/gcc/arm-none-eabi/9.1.0/../../../../arm-none-eabi/lib/thumb\libc.a(lib_a-memchr-stub.o)
 .comment       0x0000000000000022       0x23 c:/devkitpro/devkitarm/bin/../lib/gcc/arm-none-eabi/9.1.0/../../../../arm-none-eabi/lib/thumb\libc.a(lib_a-memcpy-stub.o)
 .comment       0x0000000000000022       0x23 c:/devkitpro/devkitarm/bin/../lib/gcc/arm-none-eabi/9.1.0/../../../../arm-none-eabi/lib/thumb\libc.a(lib_a-memset.o)
 .comment       0x0000000000000022       0x23 c:/devkitpro/devkitarm/bin/../lib/gcc/arm-none-eabi/9.1.0/../../../../arm-none-eabi/lib/thumb\libc.a(lib_a-mlock.o)
 .comment       0x0000000000000022       0x23 c:/devkitpro/devkitarm/bin/../lib/gcc/arm-none-eabi/9.1.0/../../../../arm-none-eabi/lib/thumb\libc.a(lib_a-mprec.o)
 .comment       0x0000000000000022       0x23 c:/devkitpro/devkitarm/bin/../lib/gcc/arm-none-eabi/9.1.0/../../../../arm-none-eabi/lib/thumb\libc.a(lib_a-s_frexp.o)
 .comment       0x0000000000000022       0x23 c:/devkitpro/devkitarm/bin/../lib/gcc/arm-none-eabi/9.1.0/../../../../arm-none-eabi/lib/thumb\libc.a(lib_a-strlen-stub.o)
 .comment       0x0000000000000022       0x23 c:/devkitpro/devkitarm/bin/../lib/gcc/arm-none-eabi/9.1.0/../../../../arm-none-eabi/lib/thumb\libc.a(lib_a-strncpy.o)
 .comment       0x0000000000000022       0x23 c:/devkitpro/devkitarm/bin/../lib/gcc/arm-none-eabi/9.1.0/../../../../arm-none-eabi/lib/thumb\libc.a(lib_a-svfiprintf.o)
 .comment       0x0000000000000022       0x23 c:/devkitpro/devkitarm/bin/../lib/gcc/arm-none-eabi/9.1.0/../../../../arm-none-eabi/lib/thumb\libc.a(lib_a-wcsnrtombs.o)
 .comment       0x0000000000000022       0x23 c:/devkitpro/devkitarm/bin/../lib/gcc/arm-none-eabi/9.1.0/../../../../arm-none-eabi/lib/thumb\libc.a(lib_a-wctomb_r.o)
 .comment       0x0000000000000022       0x23 c:/devkitpro/devkitarm/bin/../lib/gcc/arm-none-eabi/9.1.0/../../../../arm-none-eabi/lib/thumb\libc.a(lib_a-callocr.o)
 .comment       0x0000000000000022       0x23 c:/devkitpro/devkitarm/bin/../lib/gcc/arm-none-eabi/9.1.0/../../../../arm-none-eabi/lib/thumb\libc.a(lib_a-ctype_.o)
 .comment       0x0000000000000022       0x23 c:/devkitpro/devkitarm/bin/../lib/gcc/arm-none-eabi/9.1.0/../../../../arm-none-eabi/lib/thumb\libc.a(lib_a-memmove.o)
 .comment       0x0000000000000022       0x23 c:/devkitpro/devkitarm/bin/../lib/gcc/arm-none-eabi/9.1.0/../../../../arm-none-eabi/lib/thumb\libc.a(lib_a-reallocr.o)
 .comment       0x0000000000000022       0x23 c:/devkitpro/devkitarm/bin/../lib/gcc/arm-none-eabi/9.1.0/../../../../arm-none-eabi/lib/thumb\libsysbase.a(sbrk.o)
 .comment       0x0000000000000022       0x23 c:/devkitpro/devkitarm/bin/../lib/gcc/arm-none-eabi/9.1.0/../../../../arm-none-eabi/lib/thumb\libsysbase.a(malloc_vars.o)
 .comment       0x0000000000000022       0x23 c:/devkitpro/devkitarm/bin/../lib/gcc/arm-none-eabi/9.1.0/../../../../arm-none-eabi/lib/thumb\libsysbase.a(syscall_support.o)
 .comment       0x0000000000000022       0x23 c:/devkitpro/devkitarm/bin/../lib/gcc/arm-none-eabi/9.1.0/../../../../arm-none-eabi/lib/thumb\libsysbase.a(getreent.o)
 .comment       0x0000000000000022       0x23 c:/devkitpro/devkitarm/bin/../lib/gcc/arm-none-eabi/9.1.0/thumb\libgcc.a(_udivmoddi4.o)
 .comment       0x0000000000000022       0x23 c:/devkitpro/devkitarm/bin/../lib/gcc/arm-none-eabi/9.1.0/../../../../arm-none-eabi/lib/thumb\libc.a(lib_a-impure.o)
 .comment       0x0000000000000022       0x23 c:/devkitpro/devkitarm/bin/../lib/gcc/arm-none-eabi/9.1.0/thumb/crtend.o

.debug
 *(.debug)

.line
 *(.line)

.debug_srcinfo
 *(.debug_srcinfo)

.debug_sfnames
 *(.debug_sfnames)

.debug_aranges
 *(.debug_aranges)

.debug_pubnames
 *(.debug_pubnames)

.debug_info
 *(.debug_info)

.debug_abbrev
 *(.debug_abbrev)

.debug_line
 *(.debug_line)

.debug_frame
 *(.debug_frame)

.debug_str
 *(.debug_str)

.debug_loc
 *(.debug_loc)

.debug_macinfo
 *(.debug_macinfo)

.debug_weaknames
 *(.debug_weaknames)

.debug_funcnames
 *(.debug_funcnames)

.debug_typenames
 *(.debug_typenames)

.debug_varnames
 *(.debug_varnames)

.stack          0x0000000000080000        0x0
                0x0000000000080000                _stack = .
 *(.stack)

.note.gnu.arm.ident
 *(.note.gnu.arm.ident)

.ARM.attributes
                0x0000000000000000       0x2c
 *(.ARM.attributes)
 .ARM.attributes
                0x0000000000000000       0x20 c:/devkitpro/devkitarm/bin/../lib/gcc/arm-none-eabi/9.1.0/../../../../arm-none-eabi/lib/thumb/gba_crt0.o
 .ARM.attributes
                0x0000000000000020       0x1c c:/devkitpro/devkitarm/bin/../lib/gcc/arm-none-eabi/9.1.0/thumb/crti.o
 .ARM.attributes
                0x000000000000003c       0x2a c:/devkitpro/devkitarm/bin/../lib/gcc/arm-none-eabi/9.1.0/thumb/crtbegin.o
 .ARM.attributes
                0x0000000000000066       0x14 font.bin.o
 .ARM.attributes
                0x000000000000007a       0x14 game.c8.o
 .ARM.attributes
                0x000000000000008e       0x26 chip8.o
 .ARM.attributes
                0x00000000000000b4       0x26 keypad.o
 .ARM.attributes
                0x00000000000000da       0x2c lang.o
 .ARM.attributes
                0x0000000000000106       0x26 main.o
 .ARM.attributes
                0x000000000000012c       0x26 sound.o
 .ARM.attributes
                0x0000000000000152       0x26 ui.o
 .ARM.attributes
                0x0000000000000178       0x1a vram.o
 .ARM.attributes
                0x0000000000000192       0x26 c:/devkitpro/devkitarm/bin/../lib/gcc/arm-none-eabi/9.1.0/../../../../arm-none-eabi/lib\libheart.a(interrupt.o)
 .ARM.attributes
                0x00000000000001b8       0x1a c:/devkitpro/devkitarm/bin/../lib/gcc/arm-none-eabi/9.1.0/../../../../arm-none-eabi/lib\libheart.a(bios.o)
 .ARM.attributes
                0x00000000000001d2       0x26 c:/devkitpro/devkitarm/bin/../lib/gcc/arm-none-eabi/9.1.0/../../../../arm-none-eabi/lib\libheart.a(text.o)
 .ARM.attributes
                0x00000000000001f8       0x26 c:/devkitpro/devkitarm/bin/../lib/gcc/arm-none-eabi/9.1.0/../../../../arm-none-eabi/lib\libheart.a(video.o)
 .ARM.attributes
                0x000000000000021e       0x2c c:/devkitpro/devkitarm/bin/../lib/gcc/arm-none-eabi/9.1.0/../../../../arm-none-eabi/lib\libheart.a(font.o)
 .ARM.attributes
                0x000000000000024a       0x26 c:/devkitpro/devkitarm/bin/../lib/gcc/arm-none-eabi/9.1.0/../../../../arm-none-eabi/lib\libheart.a(misc.o)
 .ARM.attributes
                0x0000000000000270       0x1a c:/devkitpro/devkitarm/bin/../lib/gcc/arm-none-eabi/9.1.0/../../../../arm-none-eabi/lib\libheart.a(intdispatch.o)
 .ARM.attributes
                0x000000000000028a       0x1a c:/devkitpro/devkitarm/bin/../lib/gcc/arm-none-eabi/9.1.0/../../../../arm-none-eabi/lib\libheart.a(rtc.o)
 .ARM.attributes
                0x00000000000002a4       0x2a c:/devkitpro/devkitarm/bin/../lib/gcc/arm-none-eabi/9.1.0/../../../../arm-none-eabi/lib/thumb\libc.a(lib_a-init.o)
 .ARM.attributes
                0x00000000000002ce       0x2a c:/devkitpro/devkitarm/bin/../lib/gcc/arm-none-eabi/9.1.0/../../../../arm-none-eabi/lib/thumb\libc.a(lib_a-strcpy.o)
 .ARM.attributes
                0x00000000000002f8       0x2a c:/devkitpro/devkitarm/bin/../lib/gcc/arm-none-eabi/9.1.0/../../../../arm-none-eabi/lib/thumb\libc.a(lib_a-vsprintf.o)
 .ARM.attributes
                0x0000000000000322       0x2a c:/devkitpro/devkitarm/bin/../lib/gcc/arm-none-eabi/9.1.0/../../../../arm-none-eabi/lib/thumb\libc.a(lib_a-svfprintf.o)
 .ARM.attributes
                0x000000000000034c       0x2a c:/devkitpro/devkitarm/bin/../lib/gcc/arm-none-eabi/9.1.0/../../../../arm-none-eabi/lib/thumb\libc.a(lib_a-wcrtomb.o)
 .ARM.attributes
                0x0000000000000376       0x2a c:/devkitpro/devkitarm/bin/../lib/gcc/arm-none-eabi/9.1.0/../../../../arm-none-eabi/lib/thumb\libc.a(lib_a-wcsrtombs.o)
 .ARM.attributes
                0x00000000000003a0       0x2a c:/devkitpro/devkitarm/bin/../lib/gcc/arm-none-eabi/9.1.0/../../../../arm-none-eabi/lib/thumb\libc.a(lib_a-dtoa.o)
 .ARM.attributes
                0x00000000000003ca       0x2a c:/devkitpro/devkitarm/bin/../lib/gcc/arm-none-eabi/9.1.0/../../../../arm-none-eabi/lib/thumb\libc.a(lib_a-freer.o)
 .ARM.attributes
                0x00000000000003f4       0x2a c:/devkitpro/devkitarm/bin/../lib/gcc/arm-none-eabi/9.1.0/../../../../arm-none-eabi/lib/thumb\libc.a(lib_a-localeconv.o)
 .ARM.attributes
                0x000000000000041e       0x2a c:/devkitpro/devkitarm/bin/../lib/gcc/arm-none-eabi/9.1.0/../../../../arm-none-eabi/lib/thumb\libc.a(lib_a-locale.o)
 .ARM.attributes
                0x0000000000000448       0x2a c:/devkitpro/devkitarm/bin/../lib/gcc/arm-none-eabi/9.1.0/../../../../arm-none-eabi/lib/thumb\libc.a(lib_a-mallocr.o)
 .ARM.attributes
                0x0000000000000472       0x2a c:/devkitpro/devkitarm/bin/../lib/gcc/arm-none-eabi/9.1.0/../../../../arm-none-eabi/lib/thumb\libc.a(lib_a-mbtowc_r.o)
 .ARM.attributes
                0x000000000000049c       0x2a c:/devkitpro/devkitarm/bin/../lib/gcc/arm-none-eabi/9.1.0/../../../../arm-none-eabi/lib/thumb\libc.a(lib_a-memchr-stub.o)
 .ARM.attributes
                0x00000000000004c6       0x2a c:/devkitpro/devkitarm/bin/../lib/gcc/arm-none-eabi/9.1.0/../../../../arm-none-eabi/lib/thumb\libc.a(lib_a-memcpy-stub.o)
 .ARM.attributes
                0x00000000000004f0       0x2a c:/devkitpro/devkitarm/bin/../lib/gcc/arm-none-eabi/9.1.0/../../../../arm-none-eabi/lib/thumb\libc.a(lib_a-memset.o)
 .ARM.attributes
                0x000000000000051a       0x2a c:/devkitpro/devkitarm/bin/../lib/gcc/arm-none-eabi/9.1.0/../../../../arm-none-eabi/lib/thumb\libc.a(lib_a-mlock.o)
 .ARM.attributes
                0x0000000000000544       0x2a c:/devkitpro/devkitarm/bin/../lib/gcc/arm-none-eabi/9.1.0/../../../../arm-none-eabi/lib/thumb\libc.a(lib_a-mprec.o)
 .ARM.attributes
                0x000000000000056e       0x2a c:/devkitpro/devkitarm/bin/../lib/gcc/arm-none-eabi/9.1.0/../../../../arm-none-eabi/lib/thumb\libc.a(lib_a-s_frexp.o)
 .ARM.attributes
                0x0000000000000598       0x2a c:/devkitpro/devkitarm/bin/../lib/gcc/arm-none-eabi/9.1.0/../../../../arm-none-eabi/lib/thumb\libc.a(lib_a-strcasecmp.o)
 .ARM.attributes
                0x00000000000005c2       0x2a c:/devkitpro/devkitarm/bin/../lib/gcc/arm-none-eabi/9.1.0/../../../../arm-none-eabi/lib/thumb\libc.a(lib_a-strcat.o)
 .ARM.attributes
                0x00000000000005ec       0x2a c:/devkitpro/devkitarm/bin/../lib/gcc/arm-none-eabi/9.1.0/../../../../arm-none-eabi/lib/thumb\libc.a(lib_a-strchr.o)
 .ARM.attributes
                0x0000000000000616       0x1a c:/devkitpro/devkitarm/bin/../lib/gcc/arm-none-eabi/9.1.0/../../../../arm-none-eabi/lib/thumb\libc.a(lib_a-strcmp.o)
 .ARM.attributes
                0x0000000000000630       0x2a c:/devkitpro/devkitarm/bin/../lib/gcc/arm-none-eabi/9.1.0/../../../../arm-none-eabi/lib/thumb\libc.a(lib_a-strlcpy.o)
 .ARM.attributes
                0x000000000000065a       0x2a c:/devkitpro/devkitarm/bin/../lib/gcc/arm-none-eabi/9.1.0/../../../../arm-none-eabi/lib/thumb\libc.a(lib_a-strlen-stub.o)
 .ARM.attributes
                0x0000000000000684       0x2a c:/devkitpro/devkitarm/bin/../lib/gcc/arm-none-eabi/9.1.0/../../../../arm-none-eabi/lib/thumb\libc.a(lib_a-strncasecmp.o)
 .ARM.attributes
                0x00000000000006ae       0x2a c:/devkitpro/devkitarm/bin/../lib/gcc/arm-none-eabi/9.1.0/../../../../arm-none-eabi/lib/thumb\libc.a(lib_a-strncmp.o)
 .ARM.attributes
                0x00000000000006d8       0x2a c:/devkitpro/devkitarm/bin/../lib/gcc/arm-none-eabi/9.1.0/../../../../arm-none-eabi/lib/thumb\libc.a(lib_a-strncpy.o)
 .ARM.attributes
                0x0000000000000702       0x2a c:/devkitpro/devkitarm/bin/../lib/gcc/arm-none-eabi/9.1.0/../../../../arm-none-eabi/lib/thumb\libc.a(lib_a-strtol.o)
 .ARM.attributes
                0x000000000000072c       0x2a c:/devkitpro/devkitarm/bin/../lib/gcc/arm-none-eabi/9.1.0/../../../../arm-none-eabi/lib/thumb\libc.a(lib_a-svfiprintf.o)
 .ARM.attributes
                0x0000000000000756       0x2a c:/devkitpro/devkitarm/bin/../lib/gcc/arm-none-eabi/9.1.0/../../../../arm-none-eabi/lib/thumb\libc.a(lib_a-wcsnrtombs.o)
 .ARM.attributes
                0x0000000000000780       0x2a c:/devkitpro/devkitarm/bin/../lib/gcc/arm-none-eabi/9.1.0/../../../../arm-none-eabi/lib/thumb\libc.a(lib_a-wctomb_r.o)
 .ARM.attributes
                0x00000000000007aa       0x2a c:/devkitpro/devkitarm/bin/../lib/gcc/arm-none-eabi/9.1.0/../../../../arm-none-eabi/lib/thumb\libc.a(lib_a-callocr.o)
 .ARM.attributes
                0x00000000000007d4       0x2a c:/devkitpro/devkitarm/bin/../lib/gcc/arm-none-eabi/9.1.0/../../../../arm-none-eabi/lib/thumb\libc.a(lib_a-ctype_.o)
 .ARM.attributes
                0x00000000000007fe       0x2a c:/devkitpro/devkitarm/bin/../lib/gcc/arm-none-eabi/9.1.0/../../../../arm-none-eabi/lib/thumb\libc.a(lib_a-getenv_r.o)
 .ARM.attributes
                0x0000000000000828       0x2a c:/devkitpro/devkitarm/bin/../lib/gcc/arm-none-eabi/9.1.0/../../../../arm-none-eabi/lib/thumb\libc.a(lib_a-memmove.o)
 .ARM.attributes
                0x0000000000000852       0x2a c:/devkitpro/devkitarm/bin/../lib/gcc/arm-none-eabi/9.1.0/../../../../arm-none-eabi/lib/thumb\libc.a(lib_a-reallocr.o)
 .ARM.attributes
                0x000000000000087c       0x30 c:/devkitpro/devkitarm/bin/../lib/gcc/arm-none-eabi/9.1.0/../../../../arm-none-eabi/lib/thumb\libc.a(lib_a-environ.o)
 .ARM.attributes
                0x00000000000008ac       0x2a c:/devkitpro/devkitarm/bin/../lib/gcc/arm-none-eabi/9.1.0/../../../../arm-none-eabi/lib/thumb\libc.a(lib_a-envlock.o)
 .ARM.attributes
                0x00000000000008d6       0x2a c:/devkitpro/devkitarm/bin/../lib/gcc/arm-none-eabi/9.1.0/../../../../arm-none-eabi/lib/thumb\libsysbase.a(sbrk.o)
 .ARM.attributes
                0x0000000000000900       0x30 c:/devkitpro/devkitarm/bin/../lib/gcc/arm-none-eabi/9.1.0/../../../../arm-none-eabi/lib/thumb\libsysbase.a(malloc_vars.o)
 .ARM.attributes
                0x0000000000000930       0x2a c:/devkitpro/devkitarm/bin/../lib/gcc/arm-none-eabi/9.1.0/../../../../arm-none-eabi/lib/thumb\libsysbase.a(syscall_support.o)
 .ARM.attributes
                0x000000000000095a       0x2a c:/devkitpro/devkitarm/bin/../lib/gcc/arm-none-eabi/9.1.0/../../../../arm-none-eabi/lib/thumb\libsysbase.a(getreent.o)
 .ARM.attributes
                0x0000000000000984       0x1c c:/devkitpro/devkitarm/bin/../lib/gcc/arm-none-eabi/9.1.0/thumb\libgcc.a(_thumb1_case_uqi.o)
 .ARM.attributes
                0x00000000000009a0       0x1c c:/devkitpro/devkitarm/bin/../lib/gcc/arm-none-eabi/9.1.0/thumb\libgcc.a(_thumb1_case_uhi.o)
 .ARM.attributes
                0x00000000000009bc       0x1c c:/devkitpro/devkitarm/bin/../lib/gcc/arm-none-eabi/9.1.0/thumb\libgcc.a(_arm_muldf3.o)
 .ARM.attributes
                0x00000000000009d8       0x1c c:/devkitpro/devkitarm/bin/../lib/gcc/arm-none-eabi/9.1.0/thumb\libgcc.a(_udivsi3.o)
 .ARM.attributes
                0x00000000000009f4       0x1c c:/devkitpro/devkitarm/bin/../lib/gcc/arm-none-eabi/9.1.0/thumb\libgcc.a(_divsi3.o)
 .ARM.attributes
                0x0000000000000a10       0x1c c:/devkitpro/devkitarm/bin/../lib/gcc/arm-none-eabi/9.1.0/thumb\libgcc.a(_dvmd_tls.o)
 .ARM.attributes
                0x0000000000000a2c       0x1c c:/devkitpro/devkitarm/bin/../lib/gcc/arm-none-eabi/9.1.0/thumb\libgcc.a(_arm_addsubdf3.o)
 .ARM.attributes
                0x0000000000000a48       0x1c c:/devkitpro/devkitarm/bin/../lib/gcc/arm-none-eabi/9.1.0/thumb\libgcc.a(_arm_muldivdf3.o)
 .ARM.attributes
                0x0000000000000a64       0x1c c:/devkitpro/devkitarm/bin/../lib/gcc/arm-none-eabi/9.1.0/thumb\libgcc.a(_arm_cmpdf2.o)
 .ARM.attributes
                0x0000000000000a80       0x1c c:/devkitpro/devkitarm/bin/../lib/gcc/arm-none-eabi/9.1.0/thumb\libgcc.a(_arm_unorddf2.o)
 .ARM.attributes
                0x0000000000000a9c       0x1c c:/devkitpro/devkitarm/bin/../lib/gcc/arm-none-eabi/9.1.0/thumb\libgcc.a(_arm_fixdfsi.o)
 .ARM.attributes
                0x0000000000000ab8       0x1c c:/devkitpro/devkitarm/bin/../lib/gcc/arm-none-eabi/9.1.0/thumb\libgcc.a(_aeabi_uldivmod.o)
 .ARM.attributes
                0x0000000000000ad4       0x2a c:/devkitpro/devkitarm/bin/../lib/gcc/arm-none-eabi/9.1.0/thumb\libgcc.a(_udivmoddi4.o)
 .ARM.attributes
                0x0000000000000afe       0x1c c:/devkitpro/devkitarm/bin/../lib/gcc/arm-none-eabi/9.1.0/thumb\libgcc.a(_clzdi2.o)
 .ARM.attributes
                0x0000000000000b1a       0x1c c:/devkitpro/devkitarm/bin/../lib/gcc/arm-none-eabi/9.1.0/thumb\libgcc.a(_clzsi2.o)
 .ARM.attributes
                0x0000000000000b36       0x30 c:/devkitpro/devkitarm/bin/../lib/gcc/arm-none-eabi/9.1.0/../../../../arm-none-eabi/lib/thumb\libc.a(lib_a-impure.o)
 .ARM.attributes
                0x0000000000000b66       0x30 c:/devkitpro/devkitarm/bin/../lib/gcc/arm-none-eabi/9.1.0/thumb/crtend.o
 .ARM.attributes
                0x0000000000000b96       0x1c c:/devkitpro/devkitarm/bin/../lib/gcc/arm-none-eabi/9.1.0/thumb/crtn.o

/DISCARD/
 *(.note.GNU-stack)
LOAD c:/devkitpro/devkitarm/bin/../lib/gcc/arm-none-eabi/9.1.0/../../../../arm-none-eabi/lib/thumb/gba_crt0.o
LOAD c:/devkitpro/devkitarm/bin/../lib/gcc/arm-none-eabi/9.1.0/thumb/crti.o
LOAD c:/devkitpro/devkitarm/bin/../lib/gcc/arm-none-eabi/9.1.0/thumb/crtbegin.o
LOAD font.bin.o
LOAD game.c8.o
LOAD chip8.o
LOAD keypad.o
LOAD lang.o
LOAD main.o
LOAD sound.o
LOAD ui.o
LOAD vram.o
LOAD C:/devkitPro/libgba/lib\libmm.a
LOAD c:/devkitpro/devkitarm/bin/../lib/gcc/arm-none-eabi/9.1.0/../../../../arm-none-eabi/lib\libheart.a
START GROUP
LOAD c:/devkitpro/devkitarm/bin/../lib/gcc/arm-none-eabi/9.1.0/thumb\libgcc.a
LOAD c:/devkitpro/devkitarm/bin/../lib/gcc/arm-none-eabi/9.1.0/../../../../arm-none-eabi/lib/thumb\libc.a
LOAD c:/devkitpro/devkitarm/bin/../lib/gcc/arm-none-eabi/9.1.0/../../../../arm-none-eabi/lib/thumb\libsysbase.a
END GROUP
LOAD c:/devkitpro/devkitarm/bin/../lib/gcc/arm-none-eabi/9.1.0/thumb/crtend.o
LOAD c:/devkitpro/devkitarm/bin/../lib/gcc/arm-none-eabi/9.1.0/thumb/crtn.o
OUTPUT(C:/Users/stero/Documents/GitHub/Chip8Adv/Chip8Adv.elf elf32-littlearm)
